seed-resilience-data.ts(17,5): error TS2322: Type '{ name: string; }' is not assignable to type 'DepartmentWhereUniqueInput'.
  Type '{ name: string; }' is not assignable to type '{ id: string; hospitalId_name: DepartmentHospitalIdNameCompoundUniqueInput; } & { id?: string | undefined; hospitalId_name?: DepartmentHospitalIdNameCompoundUniqueInput | undefined; ... 11 more ...; appointments?: AppointmentListRelationFilter | undefined; }'.
    Type '{ name: string; }' is missing the following properties from type '{ id: string; hospitalId_name: DepartmentHospitalIdNameCompoundUniqueInput; }': id, hospitalId_name
seed-resilience-data.ts(19,5): error TS2322: Type '{ name: string; description: string; slotDuration: number; }' is not assignable to type '(Without<DepartmentCreateInput, DepartmentUncheckedCreateInput> & DepartmentUncheckedCreateInput) | (Without<...> & DepartmentCreateInput)'.
  Type '{ name: string; description: string; slotDuration: number; }' is not assignable to type 'Without<DepartmentUncheckedCreateInput, DepartmentCreateInput> & DepartmentCreateInput'.
    Property 'hospital' is missing in type '{ name: string; description: string; slotDuration: number; }' but required in type 'DepartmentCreateInput'.
seed-resilience-data.ts(31,5): error TS2322: Type '{ doctorId: string; name: string; specialization: string; departmentId: string; experience: number; consultationFee: number; slotDuration: number; status: string; }' is not assignable to type '(Without<DoctorCreateInput, DoctorUncheckedCreateInput> & DoctorUncheckedCreateInput) | (Without<...> & DoctorCreateInput)'.
  Type '{ doctorId: string; name: string; specialization: string; departmentId: string; experience: number; consultationFee: number; slotDuration: number; status: string; }' is not assignable to type 'Without<DoctorCreateInput, DoctorUncheckedCreateInput> & DoctorUncheckedCreateInput'.
    Property 'hospitalId' is missing in type '{ doctorId: string; name: string; specialization: string; departmentId: string; experience: number; consultationFee: number; slotDuration: number; status: string; }' but required in type 'DoctorUncheckedCreateInput'.
seed-resilience-data.ts(46,5): error TS2322: Type '{ doctorId: string; name: string; specialization: string; departmentId: string; experience: number; consultationFee: number; slotDuration: number; status: string; }' is not assignable to type '(Without<DoctorCreateInput, DoctorUncheckedCreateInput> & DoctorUncheckedCreateInput) | (Without<...> & DoctorCreateInput)'.
  Type '{ doctorId: string; name: string; specialization: string; departmentId: string; experience: number; consultationFee: number; slotDuration: number; status: string; }' is not assignable to type 'Without<DoctorCreateInput, DoctorUncheckedCreateInput> & DoctorUncheckedCreateInput'.
    Property 'hospitalId' is missing in type '{ doctorId: string; name: string; specialization: string; departmentId: string; experience: number; consultationFee: number; slotDuration: number; status: string; }' but required in type 'DoctorUncheckedCreateInput'.
seed-resilience-data.ts(102,5): error TS2322: Type '{ firstName: string; lastName: string; gender: "MALE"; age: number; dateOfBirth: Date; phone: string; email: string; preferredLanguage: "EN"; }' is not assignable to type '(Without<PatientCreateInput, PatientUncheckedCreateInput> & PatientUncheckedCreateInput) | (Without<...> & PatientCreateInput)'.
  Type '{ firstName: string; lastName: string; gender: "MALE"; age: number; dateOfBirth: Date; phone: string; email: string; preferredLanguage: "EN"; }' is not assignable to type 'Without<PatientUncheckedCreateInput, PatientCreateInput> & PatientCreateInput'.
    Property 'hospital' is missing in type '{ firstName: string; lastName: string; gender: "MALE"; age: number; dateOfBirth: Date; phone: string; email: string; preferredLanguage: "EN"; }' but required in type 'PatientCreateInput'.
seed-resilience-data.ts(116,5): error TS2322: Type '{ firstName: string; lastName: string; gender: "FEMALE"; age: number; dateOfBirth: Date; phone: string; email: string; preferredLanguage: "EN"; }' is not assignable to type '(Without<PatientCreateInput, PatientUncheckedCreateInput> & PatientUncheckedCreateInput) | (Without<...> & PatientCreateInput)'.
  Type '{ firstName: string; lastName: string; gender: "FEMALE"; age: number; dateOfBirth: Date; phone: string; email: string; preferredLanguage: "EN"; }' is not assignable to type 'Without<PatientUncheckedCreateInput, PatientCreateInput> & PatientCreateInput'.
    Property 'hospital' is missing in type '{ firstName: string; lastName: string; gender: "FEMALE"; age: number; dateOfBirth: Date; phone: string; email: string; preferredLanguage: "EN"; }' but required in type 'PatientCreateInput'.
seed-resilience-data.ts(131,5): error TS2322: Type '{ patientId: string; doctorId: string; departmentId: string; appointmentDate: Date; slotTime: string; status: "COMPLETED"; completedAt: Date; diagnosis: string; }' is not assignable to type '(Without<AppointmentCreateInput, AppointmentUncheckedCreateInput> & AppointmentUncheckedCreateInput) | (Without<...> & AppointmentCreateInput)'.
  Type '{ patientId: string; doctorId: string; departmentId: string; appointmentDate: Date; slotTime: string; status: "COMPLETED"; completedAt: Date; diagnosis: string; }' is not assignable to type 'Without<AppointmentCreateInput, AppointmentUncheckedCreateInput> & AppointmentUncheckedCreateInput'.
    Property 'hospitalId' is missing in type '{ patientId: string; doctorId: string; departmentId: string; appointmentDate: Date; slotTime: string; status: "COMPLETED"; completedAt: Date; diagnosis: string; }' but required in type 'AppointmentUncheckedCreateInput'.
seed-resilience-data.ts(151,7): error TS2322: Type '{ email: string; passwordHash: string; firstName: string; lastName: string; role: "SUPER_ADMIN"; }' is not assignable to type '(Without<UserCreateInput, UserUncheckedCreateInput> & UserUncheckedCreateInput) | (Without<...> & UserCreateInput)'.
  Type '{ email: string; passwordHash: string; firstName: string; lastName: string; role: "SUPER_ADMIN"; }' is not assignable to type 'Without<UserUncheckedCreateInput, UserCreateInput> & UserCreateInput'.
    Property 'hospital' is missing in type '{ email: string; passwordHash: string; firstName: string; lastName: string; role: "SUPER_ADMIN"; }' but required in type 'UserCreateInput'.
seed-resilience-data.ts(162,5): error TS2322: Type '{ patientId: string; reportType: string; reportStatus: "READY"; reportUrl: string; uploadedBy: string; }' is not assignable to type '(Without<ReportCreateInput, ReportUncheckedCreateInput> & ReportUncheckedCreateInput) | (Without<...> & ReportCreateInput)'.
  Type '{ patientId: string; reportType: string; reportStatus: "READY"; reportUrl: string; uploadedBy: string; }' is not assignable to type 'Without<ReportCreateInput, ReportUncheckedCreateInput> & ReportUncheckedCreateInput'.
    Property 'hospitalId' is missing in type '{ patientId: string; reportType: string; reportStatus: "READY"; reportUrl: string; uploadedBy: string; }' but required in type 'ReportUncheckedCreateInput'.
seed-resilience-data.ts(174,5): error TS2322: Type '{ patientId: string; conversationId: string; priority: "MEDIUM"; status: "OPEN"; }' is not assignable to type '(Without<SupportTicketCreateInput, SupportTicketUncheckedCreateInput> & SupportTicketUncheckedCreateInput) | (Without<...> & SupportTicketCreateInput)'.
  Type '{ patientId: string; conversationId: string; priority: "MEDIUM"; status: "OPEN"; }' is not assignable to type 'Without<SupportTicketCreateInput, SupportTicketUncheckedCreateInput> & SupportTicketUncheckedCreateInput'.
    Property 'hospitalId' is missing in type '{ patientId: string; conversationId: string; priority: "MEDIUM"; status: "OPEN"; }' but required in type 'SupportTicketUncheckedCreateInput'.
seed-resilience-data.ts(185,5): error TS2322: Type '{ title: string; category: string; question: string; answer: string; language: "EN"; reviewStatus: string; expiryDate: Date; }' is not assignable to type '(Without<FAQCreateInput, FAQUncheckedCreateInput> & FAQUncheckedCreateInput) | (Without<FAQUncheckedCreateInput, FAQCreateInput> & FAQCreateInput)'.
  Type '{ title: string; category: string; question: string; answer: string; language: "EN"; reviewStatus: string; expiryDate: Date; }' is not assignable to type 'Without<FAQUncheckedCreateInput, FAQCreateInput> & FAQCreateInput'.
    Property 'hospital' is missing in type '{ title: string; category: string; question: string; answer: string; language: "EN"; reviewStatus: string; expiryDate: Date; }' but required in type 'FAQCreateInput'.
seed-resilience-data.ts(197,5): error TS2322: Type '{ title: string; category: string; content: string; language: "EN"; reviewStatus: string; expiryDate: Date; }' is not assignable to type '(Without<KnowledgeBaseCreateInput, KnowledgeBaseUncheckedCreateInput> & KnowledgeBaseUncheckedCreateInput) | (Without<...> & KnowledgeBaseCreateInput)'.
  Type '{ title: string; category: string; content: string; language: "EN"; reviewStatus: string; expiryDate: Date; }' is not assignable to type 'Without<KnowledgeBaseUncheckedCreateInput, KnowledgeBaseCreateInput> & KnowledgeBaseCreateInput'.
    Property 'hospital' is missing in type '{ title: string; category: string; content: string; language: "EN"; reviewStatus: string; expiryDate: Date; }' but required in type 'KnowledgeBaseCreateInput'.
src/appointments/appointments.service.ts(85,9): error TS2353: Object literal may only specify known properties, and 'doctorId_date' does not exist in type 'DoctorScheduleOverrideWhereInput'.
src/audit/audit.service.ts(11,9): error TS2353: Object literal may only specify known properties, and 'hospitalId' does not exist in type '(Without<AuditLogCreateInput, AuditLogUncheckedCreateInput> & AuditLogUncheckedCreateInput) | (Without<...> & AuditLogCreateInput)'.
src/auth/auth.service.ts(15,37): error TS2345: Argument of type '{ email: string; passwordHash: string; firstName: string; lastName: string; role: $Enums.Role; phone: string | undefined; }' is not assignable to parameter of type 'UserCreateInput'.
  Property 'hospital' is missing in type '{ email: string; passwordHash: string; firstName: string; lastName: string; role: $Enums.Role; phone: string | undefined; }' but required in type 'UserCreateInput'.
src/common/file-governance.worker.ts(76,9): error TS2353: Object literal may only specify known properties, and 'hospitalId' does not exist in type '(Without<PrescriptionUpdateInput, PrescriptionUncheckedUpdateInput> & PrescriptionUncheckedUpdateInput) | (Without<...> & PrescriptionUpdateInput)'.
src/departments/departments.service.ts(16,44): error TS2322: Type 'CreateDepartmentDto' is not assignable to type '(Without<DepartmentCreateInput, DepartmentUncheckedCreateInput> & DepartmentUncheckedCreateInput) | (Without<...> & DepartmentCreateInput)'.
  Type 'CreateDepartmentDto' is not assignable to type 'Without<DepartmentUncheckedCreateInput, DepartmentCreateInput> & DepartmentCreateInput'.
    Property 'hospital' is missing in type 'CreateDepartmentDto' but required in type 'DepartmentCreateInput'.
src/doctor-leaves/doctor-leaves.service.ts(51,9): error TS2353: Object literal may only specify known properties, and 'hospitalId' does not exist in type 'Without<DoctorLeaveCreateInput, DoctorLeaveUncheckedCreateInput> & DoctorLeaveUncheckedCreateInput'.
src/doctor-leaves/doctor-leaves.service.ts(123,9): error TS2353: Object literal may only specify known properties, and 'hospitalId' does not exist in type 'Without<AuditLogCreateInput, AuditLogUncheckedCreateInput> & AuditLogUncheckedCreateInput'.
src/doctors/doctor-experience.service.ts(136,9): error TS2353: Object literal may only specify known properties, and 'hospitalId' does not exist in type 'Without<DoctorPreferencesCreateInput, DoctorPreferencesUncheckedCreateInput> & DoctorPreferencesUncheckedCreateInput'.
src/doctors/doctor-experience.service.ts(165,9): error TS2353: Object literal may only specify known properties, and 'hospitalId' does not exist in type '(Without<DoctorNotificationUpdateInput, DoctorNotificationUncheckedUpdateInput> & DoctorNotificationUncheckedUpdateInput) | (Without<...> & DoctorNotificationUpdateInput)'.
src/doctors/doctor-experience.service.ts(202,9): error TS2353: Object literal may only specify known properties, and 'hospitalId' does not exist in type 'Without<DoctorNotificationCreateInput, DoctorNotificationUncheckedCreateInput> & DoctorNotificationUncheckedCreateInput'.
src/doctors/doctor-experience.service.ts(303,9): error TS2353: Object literal may only specify known properties, and 'hospitalId' does not exist in type 'Without<DoctorNotificationCreateInput, DoctorNotificationUncheckedCreateInput> & DoctorNotificationUncheckedCreateInput'.
src/doctors/doctors.service.ts(21,7): error TS2322: Type 'CreateDoctorDto' is not assignable to type '(Without<DoctorCreateInput, DoctorUncheckedCreateInput> & DoctorUncheckedCreateInput) | (Without<...> & DoctorCreateInput)'.
  Type 'CreateDoctorDto' is not assignable to type 'Without<DoctorCreateInput, DoctorUncheckedCreateInput> & DoctorUncheckedCreateInput'.
    Property 'hospitalId' is missing in type 'CreateDoctorDto' but required in type 'DoctorUncheckedCreateInput'.
src/faq/faq.service.ts(15,37): error TS2322: Type 'CreateFaqDto' is not assignable to type '(Without<FAQCreateInput, FAQUncheckedCreateInput> & FAQUncheckedCreateInput) | (Without<FAQUncheckedCreateInput, FAQCreateInput> & FAQCreateInput)'.
  Type 'CreateFaqDto' is not assignable to type 'Without<FAQUncheckedCreateInput, FAQCreateInput> & FAQCreateInput'.
    Property 'hospital' is missing in type 'CreateFaqDto' but required in type 'FAQCreateInput'.
src/knowledge-base/knowledge-base.service.ts(15,57): error TS2322: Type 'CreateKbDto' is not assignable to type '(Without<KnowledgeBaseCreateInput, KnowledgeBaseUncheckedCreateInput> & KnowledgeBaseUncheckedCreateInput) | (Without<...> & KnowledgeBaseCreateInput)'.
  Type 'CreateKbDto' is not assignable to type 'Without<KnowledgeBaseUncheckedCreateInput, KnowledgeBaseCreateInput> & KnowledgeBaseCreateInput'.
    Property 'hospital' is missing in type 'CreateKbDto' but required in type 'KnowledgeBaseCreateInput'.
src/prescriptions/prescriptions.service.ts(28,9): error TS2353: Object literal may only specify known properties, and 'hospitalId' does not exist in type 'Without<PrescriptionCreateInput, PrescriptionUncheckedCreateInput> & PrescriptionUncheckedCreateInput'.
src/prescriptions/prescriptions.service.ts(91,9): error TS2353: Object literal may only specify known properties, and 'hospitalId' does not exist in type 'Without<PrescriptionTemplateCreateInput, PrescriptionTemplateUncheckedCreateInput> & PrescriptionTemplateUncheckedCreateInput'.
src/prescriptions/prescriptions.service.ts(146,9): error TS2353: Object literal may only specify known properties, and 'hospitalId' does not exist in type 'Without<PrescriptionDownloadCreateInput, PrescriptionDownloadUncheckedCreateInput> & PrescriptionDownloadUncheckedCreateInput'.
src/prescriptions/prescriptions.service.ts(174,9): error TS2353: Object literal may only specify known properties, and 'hospitalId' does not exist in type '(Without<PrescriptionUpdateInput, PrescriptionUncheckedUpdateInput> & PrescriptionUncheckedUpdateInput) | (Without<...> & PrescriptionUpdateInput)'.
src/reports/reports.service.ts(117,9): error TS2353: Object literal may only specify known properties, and 'hospitalId' does not exist in type '(Without<AuditLogCreateInput, AuditLogUncheckedCreateInput> & AuditLogUncheckedCreateInput) | (Without<...> & AuditLogCreateInput)'.
src/schedules/schedules.service.ts(23,9): error TS2353: Object literal may only specify known properties, and 'hospitalId' does not exist in type 'Without<DoctorScheduleCreateInput, DoctorScheduleUncheckedCreateInput> & DoctorScheduleUncheckedCreateInput'.
src/support/support.service.ts(43,7): error TS2322: Type '{ patientId: string; conversationId: string; priority: $Enums.SupportTicketPriority; status: "OPEN"; assignedAgentId: string | null; }' is not assignable to type '(Without<SupportTicketCreateInput, SupportTicketUncheckedCreateInput> & SupportTicketUncheckedCreateInput) | (Without<...> & SupportTicketCreateInput)'.
  Type '{ patientId: string; conversationId: string; priority: $Enums.SupportTicketPriority; status: "OPEN"; assignedAgentId: string | null; }' is not assignable to type 'Without<SupportTicketCreateInput, SupportTicketUncheckedCreateInput> & SupportTicketUncheckedCreateInput'.
    Property 'hospitalId' is missing in type '{ patientId: string; conversationId: string; priority: $Enums.SupportTicketPriority; status: "OPEN"; assignedAgentId: string | null; }' but required in type 'SupportTicketUncheckedCreateInput'.
src/support/support.service.ts(68,7): error TS2322: Type '{ patientId: string; type: "ESCALATION_UPDATE"; payload: string; }' is not assignable to type '(Without<NotificationLogCreateInput, NotificationLogUncheckedCreateInput> & NotificationLogUncheckedCreateInput) | (Without<...> & NotificationLogCreateInput)'.
  Type '{ patientId: string; type: "ESCALATION_UPDATE"; payload: string; }' is not assignable to type 'Without<NotificationLogUncheckedCreateInput, NotificationLogCreateInput> & NotificationLogCreateInput'.
    Property 'hospital' is missing in type '{ patientId: string; type: "ESCALATION_UPDATE"; payload: string; }' but required in type 'NotificationLogCreateInput'.
src/support/support.service.ts(75,29): error TS2551: Property 'assignedAgent' does not exist on type '{ hospitalId: string; patientId: string; status: SupportTicketStatus; createdAt: Date; updatedAt: Date; ticketId: string; conversationId: string; priority: SupportTicketPriority; assignedAgentId: string | null; }'. Did you mean 'assignedAgentId'?
src/support/support.service.ts(75,55): error TS2551: Property 'assignedAgent' does not exist on type '{ hospitalId: string; patientId: string; status: SupportTicketStatus; createdAt: Date; updatedAt: Date; ticketId: string; conversationId: string; priority: SupportTicketPriority; assignedAgentId: string | null; }'. Did you mean 'assignedAgentId'?
src/support/support.service.ts(75,89): error TS2551: Property 'assignedAgent' does not exist on type '{ hospitalId: string; patientId: string; status: SupportTicketStatus; createdAt: Date; updatedAt: Date; ticketId: string; conversationId: string; priority: SupportTicketPriority; assignedAgentId: string | null; }'. Did you mean 'assignedAgentId'?
src/support/support.service.ts(116,7): error TS2322: Type '{ patientId: string; type: "ESCALATION_UPDATE"; payload: string; }' is not assignable to type '(Without<NotificationLogCreateInput, NotificationLogUncheckedCreateInput> & NotificationLogUncheckedCreateInput) | (Without<...> & NotificationLogCreateInput)'.
  Type '{ patientId: string; type: "ESCALATION_UPDATE"; payload: string; }' is not assignable to type 'Without<NotificationLogUncheckedCreateInput, NotificationLogCreateInput> & NotificationLogCreateInput'.
    Property 'hospital' is missing in type '{ patientId: string; type: "ESCALATION_UPDATE"; payload: string; }' but required in type 'NotificationLogCreateInput'.
src/support/support.service.ts(197,9): error TS2322: Type '{ email: string; passwordHash: string; firstName: string; lastName: string; role: "SUPER_ADMIN"; }' is not assignable to type '(Without<UserCreateInput, UserUncheckedCreateInput> & UserUncheckedCreateInput) | (Without<...> & UserCreateInput)'.
  Type '{ email: string; passwordHash: string; firstName: string; lastName: string; role: "SUPER_ADMIN"; }' is not assignable to type 'Without<UserUncheckedCreateInput, UserCreateInput> & UserCreateInput'.
    Property 'hospital' is missing in type '{ email: string; passwordHash: string; firstName: string; lastName: string; role: "SUPER_ADMIN"; }' but required in type 'UserCreateInput'.
src/users/users.service.ts(27,7): error TS2322: Type '{ passwordHash: string; id?: string; email: string; firstName: string; lastName: string; role: $Enums.Role; phone?: string | null; createdAt?: Date | string; updatedAt?: Date | string; ... 6 more ...; hospitalId: string; }' is not assignable to type '(Without<UserCreateInput, UserUncheckedCreateInput> & UserUncheckedCreateInput) | (Without<...> & UserCreateInput)'.
  Types of property 'hospitalId' are incompatible.
    Type 'string' is not assignable to type 'undefined'.
src/whatsapp/appointment-reminder.worker.ts(84,9): error TS2322: Type '{ patientId: any; type: "APPOINTMENT_REMINDER"; payload: string; }' is not assignable to type '(Without<NotificationLogCreateInput, NotificationLogUncheckedCreateInput> & NotificationLogUncheckedCreateInput) | (Without<...> & NotificationLogCreateInput)'.
  Type '{ patientId: any; type: "APPOINTMENT_REMINDER"; payload: string; }' is not assignable to type 'Without<NotificationLogUncheckedCreateInput, NotificationLogCreateInput> & NotificationLogCreateInput'.
    Property 'hospital' is missing in type '{ patientId: any; type: "APPOINTMENT_REMINDER"; payload: string; }' but required in type 'NotificationLogCreateInput'.
src/whatsapp/followup-automation.worker.ts(85,13): error TS2322: Type '{ patientId: string; type: "FOLLOWUP_REMINDER"; payload: string; deliveryStatus: "PENDING"; }' is not assignable to type '(Without<NotificationLogCreateInput, NotificationLogUncheckedCreateInput> & NotificationLogUncheckedCreateInput) | (Without<...> & NotificationLogCreateInput)'.
  Type '{ patientId: string; type: "FOLLOWUP_REMINDER"; payload: string; deliveryStatus: "PENDING"; }' is not assignable to type 'Without<NotificationLogUncheckedCreateInput, NotificationLogCreateInput> & NotificationLogCreateInput'.
    Property 'hospital' is missing in type '{ patientId: string; type: "FOLLOWUP_REMINDER"; payload: string; deliveryStatus: "PENDING"; }' but required in type 'NotificationLogCreateInput'.
src/whatsapp/followup-automation.worker.ts(144,13): error TS2322: Type '{ patientId: string; type: "FOLLOWUP_MISSED"; payload: string; deliveryStatus: "PENDING"; }' is not assignable to type '(Without<NotificationLogCreateInput, NotificationLogUncheckedCreateInput> & NotificationLogUncheckedCreateInput) | (Without<...> & NotificationLogCreateInput)'.
  Type '{ patientId: string; type: "FOLLOWUP_MISSED"; payload: string; deliveryStatus: "PENDING"; }' is not assignable to type 'Without<NotificationLogUncheckedCreateInput, NotificationLogCreateInput> & NotificationLogCreateInput'.
    Property 'hospital' is missing in type '{ patientId: string; type: "FOLLOWUP_MISSED"; payload: string; deliveryStatus: "PENDING"; }' but required in type 'NotificationLogCreateInput'.
src/whatsapp/followup-automation.worker.ts(196,13): error TS2322: Type '{ patientId: string; type: "FOLLOWUP_MISSED"; payload: string; }' is not assignable to type '(Without<NotificationLogCreateInput, NotificationLogUncheckedCreateInput> & NotificationLogUncheckedCreateInput) | (Without<...> & NotificationLogCreateInput)'.
  Type '{ patientId: string; type: "FOLLOWUP_MISSED"; payload: string; }' is not assignable to type 'Without<NotificationLogUncheckedCreateInput, NotificationLogCreateInput> & NotificationLogCreateInput'.
    Property 'hospital' is missing in type '{ patientId: string; type: "FOLLOWUP_MISSED"; payload: string; }' but required in type 'NotificationLogCreateInput'.
src/whatsapp/notification-queue.worker.ts(164,19): error TS2322: Type '{ patientId: string; conversationId: string; priority: "HIGH"; status: "OPEN"; notes: { create: { noteText: string; authorId: string; }; }; }' is not assignable to type '(Without<SupportTicketCreateInput, SupportTicketUncheckedCreateInput> & SupportTicketUncheckedCreateInput) | (Without<...> & SupportTicketCreateInput)'.
  Type '{ patientId: string; conversationId: string; priority: "HIGH"; status: "OPEN"; notes: { create: { noteText: string; authorId: string; }; }; }' is not assignable to type 'Without<SupportTicketCreateInput, SupportTicketUncheckedCreateInput> & SupportTicketUncheckedCreateInput'.
    Property 'hospitalId' is missing in type '{ patientId: string; conversationId: string; priority: "HIGH"; status: "OPEN"; notes: { create: { noteText: string; authorId: string; }; }; }' but required in type 'SupportTicketUncheckedCreateInput'.
src/whatsapp/whatsapp.controller.ts(146,11): error TS2322: Type '{ phone: any; }' is not assignable to type 'ConversationMappingWhereUniqueInput'.
  Type '{ phone: any; }' is not assignable to type '{ id: string; hospitalId_phone: ConversationMappingHospitalIdPhoneCompoundUniqueInput; } & { id?: string | undefined; ... 11 more ...; hospital?: (Without<...> & HospitalWhereInput) | ... 1 more ... | undefined; }'.
    Type '{ phone: any; }' is missing the following properties from type '{ id: string; hospitalId_phone: ConversationMappingHospitalIdPhoneCompoundUniqueInput; }': id, hospitalId_phone
src/whatsapp/whatsapp.controller.ts(153,9): error TS2322: Type '{ phone: any; }' is not assignable to type 'ConversationMappingWhereUniqueInput'.
  Type '{ phone: any; }' is not assignable to type '{ id: string; hospitalId_phone: ConversationMappingHospitalIdPhoneCompoundUniqueInput; } & { id?: string | undefined; ... 11 more ...; hospital?: (Without<...> & HospitalWhereInput) | ... 1 more ... | undefined; }'.
    Type '{ phone: any; }' is missing the following properties from type '{ id: string; hospitalId_phone: ConversationMappingHospitalIdPhoneCompoundUniqueInput; }': id, hospitalId_phone
src/workflows/workflows.service.ts(288,29): error TS2551: Property 'assignedAgent' does not exist on type '{ hospitalId: string; patientId: string; status: SupportTicketStatus; createdAt: Date; updatedAt: Date; ticketId: string; conversationId: string; priority: SupportTicketPriority; assignedAgentId: string | null; }'. Did you mean 'assignedAgentId'?
src/workflows/workflows.service.ts(288,55): error TS2551: Property 'assignedAgent' does not exist on type '{ hospitalId: string; patientId: string; status: SupportTicketStatus; createdAt: Date; updatedAt: Date; ticketId: string; conversationId: string; priority: SupportTicketPriority; assignedAgentId: string | null; }'. Did you mean 'assignedAgentId'?
src/workflows/workflows.service.ts(288,89): error TS2551: Property 'assignedAgent' does not exist on type '{ hospitalId: string; patientId: string; status: SupportTicketStatus; createdAt: Date; updatedAt: Date; ticketId: string; conversationId: string; priority: SupportTicketPriority; assignedAgentId: string | null; }'. Did you mean 'assignedAgentId'?
test/multilingual.e2e-spec.ts(34,7): error TS2322: Type '{ email: string; }' is not assignable to type 'UserWhereUniqueInput'.
  Type '{ email: string; }' is not assignable to type '{ id: string; hospitalId_email: UserHospitalIdEmailCompoundUniqueInput; hospitalId_phone: UserHospitalIdPhoneCompoundUniqueInput; } & { ...; }'.
    Type '{ email: string; }' is missing the following properties from type '{ id: string; hospitalId_email: UserHospitalIdEmailCompoundUniqueInput; hospitalId_phone: UserHospitalIdPhoneCompoundUniqueInput; }': id, hospitalId_email, hospitalId_phone
test/multilingual.e2e-spec.ts(36,7): error TS2322: Type '{ id: string; email: string; passwordHash: string; firstName: string; lastName: string; role: "SUPER_ADMIN"; }' is not assignable to type '(Without<UserCreateInput, UserUncheckedCreateInput> & UserUncheckedCreateInput) | (Without<...> & UserCreateInput)'.
  Type '{ id: string; email: string; passwordHash: string; firstName: string; lastName: string; role: "SUPER_ADMIN"; }' is not assignable to type 'Without<UserUncheckedCreateInput, UserCreateInput> & UserCreateInput'.
    Property 'hospital' is missing in type '{ id: string; email: string; passwordHash: string; firstName: string; lastName: string; role: "SUPER_ADMIN"; }' but required in type 'UserCreateInput'.
test/multilingual.e2e-spec.ts(63,9): error TS2322: Type '{ email: string; }' is not assignable to type 'UserWhereUniqueInput'.
  Type '{ email: string; }' is not assignable to type '{ id: string; hospitalId_email: UserHospitalIdEmailCompoundUniqueInput; hospitalId_phone: UserHospitalIdPhoneCompoundUniqueInput; } & { ...; }'.
    Type '{ email: string; }' is missing the following properties from type '{ id: string; hospitalId_email: UserHospitalIdEmailCompoundUniqueInput; hospitalId_phone: UserHospitalIdPhoneCompoundUniqueInput; }': id, hospitalId_email, hospitalId_phone
test/multilingual.e2e-spec.ts(146,9): error TS2322: Type '{ title: string; category: string; question: string; answer: string; language: "EN"; }' is not assignable to type '(Without<FAQCreateInput, FAQUncheckedCreateInput> & FAQUncheckedCreateInput) | (Without<FAQUncheckedCreateInput, FAQCreateInput> & FAQCreateInput)'.
  Type '{ title: string; category: string; question: string; answer: string; language: "EN"; }' is not assignable to type 'Without<FAQUncheckedCreateInput, FAQCreateInput> & FAQCreateInput'.
    Property 'hospital' is missing in type '{ title: string; category: string; question: string; answer: string; language: "EN"; }' but required in type 'FAQCreateInput'.
test/multilingual.e2e-spec.ts(157,9): error TS2322: Type '{ title: string; category: string; question: string; answer: string; language: "HI"; }' is not assignable to type '(Without<FAQCreateInput, FAQUncheckedCreateInput> & FAQUncheckedCreateInput) | (Without<FAQUncheckedCreateInput, FAQCreateInput> & FAQCreateInput)'.
  Type '{ title: string; category: string; question: string; answer: string; language: "HI"; }' is not assignable to type 'Without<FAQUncheckedCreateInput, FAQCreateInput> & FAQCreateInput'.
    Property 'hospital' is missing in type '{ title: string; category: string; question: string; answer: string; language: "HI"; }' but required in type 'FAQCreateInput'.
test/multilingual.e2e-spec.ts(168,9): error TS2322: Type '{ title: string; category: string; content: string; language: "EN"; }' is not assignable to type '(Without<KnowledgeBaseCreateInput, KnowledgeBaseUncheckedCreateInput> & KnowledgeBaseUncheckedCreateInput) | (Without<...> & KnowledgeBaseCreateInput)'.
  Type '{ title: string; category: string; content: string; language: "EN"; }' is not assignable to type 'Without<KnowledgeBaseUncheckedCreateInput, KnowledgeBaseCreateInput> & KnowledgeBaseCreateInput'.
    Property 'hospital' is missing in type '{ title: string; category: string; content: string; language: "EN"; }' but required in type 'KnowledgeBaseCreateInput'.
test/workflows.e2e-spec.ts(33,7): error TS2322: Type '{ email: string; }' is not assignable to type 'UserWhereUniqueInput'.
  Type '{ email: string; }' is not assignable to type '{ id: string; hospitalId_email: UserHospitalIdEmailCompoundUniqueInput; hospitalId_phone: UserHospitalIdPhoneCompoundUniqueInput; } & { ...; }'.
    Type '{ email: string; }' is missing the following properties from type '{ id: string; hospitalId_email: UserHospitalIdEmailCompoundUniqueInput; hospitalId_phone: UserHospitalIdPhoneCompoundUniqueInput; }': id, hospitalId_email, hospitalId_phone
test/workflows.e2e-spec.ts(35,7): error TS2322: Type '{ id: string; email: string; passwordHash: string; firstName: string; lastName: string; role: "SUPER_ADMIN"; }' is not assignable to type '(Without<UserCreateInput, UserUncheckedCreateInput> & UserUncheckedCreateInput) | (Without<...> & UserCreateInput)'.
  Type '{ id: string; email: string; passwordHash: string; firstName: string; lastName: string; role: "SUPER_ADMIN"; }' is not assignable to type 'Without<UserUncheckedCreateInput, UserCreateInput> & UserCreateInput'.
    Property 'hospital' is missing in type '{ id: string; email: string; passwordHash: string; firstName: string; lastName: string; role: "SUPER_ADMIN"; }' but required in type 'UserCreateInput'.
test/workflows.e2e-spec.ts(50,7): error TS2322: Type '{ name: string; }' is not assignable to type 'DepartmentWhereUniqueInput'.
  Type '{ name: string; }' is not assignable to type '{ id: string; hospitalId_name: DepartmentHospitalIdNameCompoundUniqueInput; } & { id?: string | undefined; hospitalId_name?: DepartmentHospitalIdNameCompoundUniqueInput | undefined; ... 11 more ...; appointments?: AppointmentListRelationFilter | undefined; }'.
    Type '{ name: string; }' is missing the following properties from type '{ id: string; hospitalId_name: DepartmentHospitalIdNameCompoundUniqueInput; }': id, hospitalId_name
test/workflows.e2e-spec.ts(52,7): error TS2322: Type '{ name: string; description: string; slotDuration: number; }' is not assignable to type '(Without<DepartmentCreateInput, DepartmentUncheckedCreateInput> & DepartmentUncheckedCreateInput) | (Without<...> & DepartmentCreateInput)'.
  Type '{ name: string; description: string; slotDuration: number; }' is not assignable to type 'Without<DepartmentUncheckedCreateInput, DepartmentCreateInput> & DepartmentCreateInput'.
    Property 'hospital' is missing in type '{ name: string; description: string; slotDuration: number; }' but required in type 'DepartmentCreateInput'.
test/workflows.e2e-spec.ts(64,7): error TS2322: Type '{ doctorId: string; name: string; specialization: string; experience: number; consultationFee: number; slotDuration: number; departmentId: string; status: string; }' is not assignable to type '(Without<DoctorCreateInput, DoctorUncheckedCreateInput> & DoctorUncheckedCreateInput) | (Without<...> & DoctorCreateInput)'.
  Type '{ doctorId: string; name: string; specialization: string; experience: number; consultationFee: number; slotDuration: number; departmentId: string; status: string; }' is not assignable to type 'Without<DoctorCreateInput, DoctorUncheckedCreateInput> & DoctorUncheckedCreateInput'.
    Property 'hospitalId' is missing in type '{ doctorId: string; name: string; specialization: string; experience: number; consultationFee: number; slotDuration: number; departmentId: string; status: string; }' but required in type 'DoctorUncheckedCreateInput'.
test/workflows.e2e-spec.ts(79,7): error TS2322: Type '{ phone: string; }' is not assignable to type 'PatientWhereUniqueInput'.
  Type '{ phone: string; }' is not assignable to type '{ patientId: string; } & { patientId?: string | undefined; AND?: PatientWhereInput | PatientWhereInput[] | undefined; OR?: PatientWhereInput[] | undefined; ... 24 more ...; prescriptions?: PrescriptionListRelationFilter | undefined; }'.
    Property 'patientId' is missing in type '{ phone: string; }' but required in type '{ patientId: string; }'.
test/workflows.e2e-spec.ts(81,7): error TS2322: Type '{ firstName: string; lastName: string; gender: "MALE"; age: number; dateOfBirth: Date; phone: string; }' is not assignable to type '(Without<PatientCreateInput, PatientUncheckedCreateInput> & PatientUncheckedCreateInput) | (Without<...> & PatientCreateInput)'.
  Type '{ firstName: string; lastName: string; gender: "MALE"; age: number; dateOfBirth: Date; phone: string; }' is not assignable to type 'Without<PatientUncheckedCreateInput, PatientCreateInput> & PatientCreateInput'.
    Property 'hospital' is missing in type '{ firstName: string; lastName: string; gender: "MALE"; age: number; dateOfBirth: Date; phone: string; }' but required in type 'PatientCreateInput'.
test/workflows.e2e-spec.ts(109,9): error TS2322: Type '{ email: string; }' is not assignable to type 'UserWhereUniqueInput'.
  Type '{ email: string; }' is not assignable to type '{ id: string; hospitalId_email: UserHospitalIdEmailCompoundUniqueInput; hospitalId_phone: UserHospitalIdPhoneCompoundUniqueInput; } & { ...; }'.
    Type '{ email: string; }' is missing the following properties from type '{ id: string; hospitalId_email: UserHospitalIdEmailCompoundUniqueInput; hospitalId_phone: UserHospitalIdPhoneCompoundUniqueInput; }': id, hospitalId_email, hospitalId_phone
